E:\\[韩语]红豆女之恋.mp3
E:\\Beyond- 光辉岁月.mp3
E:\\Beyond- 旧日的足迹.mp3
E:\\beyond- 报答一生.mp3
E:\\beyond- 无悔这一生.mp3
E:\\beyond- 原谅我今天.mp3
E:\\Boy'z- 眼红馆.mp3
E:\\kokia- 白雪 (海豚湾恋人日语插曲).mp3
E:\\S.H.E- 不想长大.mp3
E:\\TWINS- 恋爱大过天.MP3
E:\\陈慧娴- 玻璃窗的爱.mp3
E:\\郭美美- 不怕不怕.wma
E:\\李克勤- 一生不变(粤).mp3
E:\\李克勤-月半小夜曲.mp3
E:\\莫文蔚-电台情歌.mp3
E:\\誓言- 求佛.mp3
E:\\孙耀威- 爱的故事上集.mp3
E:\\谭咏麟陈慧娴－爱在深秋.mp3
E:\\田震_千秋思念.MP3
E:\\王杰- 可能.mp3
E:\\王杰- 谁明浪子心.mp3
E:\\王杰-英雄泪（国语版）.mp3
E:\\王强- 秋天不回来.mp3
E:\\弦子&潘玮柏-不得不爱.mp3
E:\\心愿- 四个女生.mp3
E:\\许冠杰- 双星情歌.mp3
E:\\杨千桦- 烈女.mp3
E:\\杨千桦- 少女的祈祷.mp3
E:\\老狼- 音乐虫子.mp3
E:\\arpenters- Yesterday Once More.mp3
E:\\再回首-- 姜育恒.mp3
E:\\张国荣- 风继续吹.mp3
E:\\张国荣- MONICA.mp3
E:\\张国荣- 倩女幽魂.mp3
E:\\张学友- CRY.mp3
E:\\张学友- 旧情绵绵.mp3
E:\\张学友- 忘情冷雨夜.mp3
E:\\郑希怡- 痛由自取.mp3
E:\\郑伊健- 心如刀割.mp3
E:\\郑伊健- 友情岁月.mp3
E:\\郑伊健- 有你便有我.mp3
E:\\郑源- 一万个理由.mp3
E:\\郑中基-天才与白痴（电影~鬼马狂想曲插曲~）.mp3
E:\\周杰伦- 夜曲.mp3
E:\\周杰伦- 以父之名.MP3
E:\\M2m- the day you went away.mp3
E:\\贾立怡-火星雨.mp3
E:\\王蓉- 哎呀.mp3
E:\\王心凌-DA.DA.DA.mp3
E:\\周笔畅- 笔记.mp3
E:\\Twins- 鱼旦歌.mp3
E:\\S[1].H.E- 不想长大.mp3
E:\\remebrulee组合- 玻璃杯.mp3
E:\\李进- 你在他乡还好吗.mp3
E:\\水木年华- 完美世界 (主题版).mp3
E:\\徐小凤- 每一步.mp3
E:\\潘玮柏&张韶涵- 快乐崇拜.mp3
E:\\朱玲- 烛光里的妈妈.MP3
E:\\卢巧音-  落地开花.mp3
E:\\刘美君- 一双旧皮鞋.mp3
E:\\水木年华- 成长.mp3
E:\\千百惠- 走过咖啡屋.mp3
E:\123\许冠杰- 半斤八两.mp3
